// Jest Snapshot v1, https://jestjs.io/docs/snapshot-testing

exports[`CardSkeleton Snapshots matches snapshot 1`] = `
<div
  class="rounded-lg border bg-card text-card-foreground shadow-sm"
>
  <div
    class="flex flex-col space-y-1.5 p-6 gap-2"
  >
    <div
      class="animate-pulse rounded-md bg-muted h-5 w-1/5"
    />
    <div
      class="animate-pulse rounded-md bg-muted h-4 w-4/5"
    />
  </div>
  <div
    class="p-6 pt-0 h-10"
  />
  <div
    class="flex items-center p-6 pt-0"
  >
    <div
      class="animate-pulse rounded-md bg-muted h-8 w-[120px]"
    />
  </div>
</div>
`;
